<div class="tldr"><div class="tldr-title">☕ 30 秒看完今天重點</div><ul>
<li>⚠️ 今天 AI 個人化生成異常,這封是備援版本,只列基本事實不做主觀分析</li>
<li>昨晚美股(YYYY-MM-DD)已收盤,以下是你的美股持股表現</li>
<li>今早 HH:MM 台股將開盤,以下是你的台股昨日收盤</li>
<li>今晚美股休市,下次開盤 YYYY-MM-DD</li>
</ul></div>
<div class="section-label">📊 你的持股(備援版)</div>
<div class="signal-grid">
<div class="signal-card hold"><div class="signal-card-top"><span class="signal-ticker">AAPL</span><span class="signal-day-move up">▲ +4.84%</span></div><div class="signal-body"><div class="signal-reason">蘋果 Apple(AAPL) 昨晚收 $308.63 ,等下個交易日。今日 AI 分析異常,主編將於 24 小時內修復並重發完整版。</div></div><!--h:AAPL--></div>
<div class="signal-card hold"><div class="signal-card-top"><span class="signal-ticker">NVDA</span><span class="signal-day-move down">▼ -1.39%</span></div><div class="signal-body"><div class="signal-reason">輝達 Nvidia(NVDA) 昨晚收 $194.83 ,等下個交易日。今日 AI 分析異常,主編將於 24 小時內修復並重發完整版。</div></div><!--h:NVDA--></div>
<div class="signal-card hold"><div class="signal-card-top"><span class="signal-ticker">TSLA</span><span class="signal-day-move down">▼ -7.49%</span></div><div class="signal-body"><div class="signal-reason">特斯拉 Tesla(TSLA) 昨晚收 $393.45 ,等下個交易日。今日 AI 分析異常,主編將於 24 小時內修復並重發完整版。</div></div><!--h:TSLA--></div>
</div>
<div class="signal-grid">
<div class="signal-card hold"><div class="signal-card-top"><span class="signal-ticker">2330</span><span class="signal-day-move down">▼ -0.81%</span></div><div class="signal-body"><div class="signal-reason">台積電 TSMC(2330) 昨日收 $2445.0 元,等今早 HH:MM 開盤觀察價量。今日 AI 分析異常,主編將於 24 小時內修復並重發完整版。</div></div><!--h:2330--></div>
<div class="signal-card hold"><div class="signal-card-top"><span class="signal-ticker">2317</span><span class="signal-day-move up">▲ +0.63%</span></div><div class="signal-body"><div class="signal-reason">鴻海 Hon Hai(2317) 昨日收 $240.5 元,等今早 HH:MM 開盤觀察價量。今日 AI 分析異常,主編將於 24 小時內修復並重發完整版。</div></div><!--h:2317--></div>
<div class="signal-card hold"><div class="signal-card-top"><span class="signal-ticker">2454</span><span class="signal-day-move down">▼ -3.45%</span></div><div class="signal-body"><div class="signal-reason">聯發科 MediaTek(2454) 昨日收 $4195.0 元,等今早 HH:MM 開盤觀察價量。今日 AI 分析異常,主編將於 24 小時內修復並重發完整版。</div></div><!--h:2454--></div>
</div>
<div class="signal-disclaimer">⚠️ 備援版本,僅為基本資料整理。主編已收到通知將盡速修復個人化分析。</div>