=== STDOUT ===
① 取得訂閱者名單與持倉偏好...
   共 4 位訂閱者
② 抓取市場數據（含用戶個股：美股 +3，台股 +3）...
③ 過濾假訊息...
   美股新聞：59 則通過過濾
   台股新聞：32 則通過過濾
④ 生成 AI 市場情緒 Banner（台股早報版）...
  [council] 席次 gemini:2.5-lite 失敗(no json)
  [council] 席次 gemini:2.0-flash 失敗(no json)
  [council] 席次 groq:gpt-oss-120b 失敗(no json)
  [council] 席次 claude:haiku 失敗(no json)
  [council] 席次 claude:sonnet 失敗(no json)
  [council] 席次 local:qwen2.5-14b 失敗(no json)
  [council] 席次 cf:llama-3.3-70b 失敗(no json)
  [council] 席次 openrouter:llama-70b 失敗(no json)
  [council] 席次 cerebras:llama-70b 失敗(no json)
  [council] 席次 openai 失敗(no json)
  [council] 席次 gemini:2.5-lite 失敗(no json)
  [council] 席次 gemini:2.0-flash 失敗(no json)
  [council] 席次 groq:gpt-oss-120b 失敗(no json)
  [council] 席次 claude:haiku 失敗(no json)
  [council] 席次 claude:sonnet 失敗(no json)
  [council] 席次 local:qwen2.5-14b 失敗(no json)
  [council] 席次 cf:llama-3.3-70b 失敗(no json)
  [council] 席次 openrouter:llama-70b 失敗(no json)
  [council] 席次 cerebras:llama-70b 失敗(no json)
  [council] 席次 openai 失敗(no json)
  [council] 席次 gemini:2.5-lite 本輪停用(no json)
  [council] 席次 gemini:2.0-flash 本輪停用(no json)
  [council] 席次 groq:gpt-oss-120b 本輪停用(no json)
  [council] 席次 claude:haiku 本輪停用(no json)
  [council] 席次 claude:sonnet 本輪停用(no json)
  [council] 席次 local:qwen2.5-14b 本輪停用(no json)
  [council] 席次 cf:llama-3.3-70b 本輪停用(no json)
  [council] 席次 openrouter:llama-70b 本輪停用(no json)
  [council] 席次 cerebras:llama-70b 本輪停用(no json)
  [council] 席次 openai 本輪停用(no json)
⑤ 儲存本地預覽（預設版）...
   本地預覽已儲存：output/digest_YYYY-MM-DD.html
⑥ 上傳預設版網頁...
⑦ 個人化發送...
   tw-user@test.local → 個人化（本班次 tw｜美股:0, 台股:3）· 新手（17.4）
   📦 生成完成,進寄送佇列 → tw-user@test.local
   us-user@test.local → AI 精選（本班次 tw｜美股:0, 台股:2）· 一般（47.4）
   📦 生成完成,進寄送佇列 → us-user@test.local
   nohold-user@test.local → AI 精選（本班次 tw｜美股:0, 台股:2）· 新手（0.0）
   📦 生成完成,進寄送佇列 → nohold-user@test.local
   nohold2-user@test.local → AI 精選版(共用今日精選,快取)
   📦 生成完成,進寄送佇列 → nohold2-user@test.local
✅ 今日財經日報發送完成（班次 tw）！成功 4/4 位（總訂閱 4）
   經驗分布 → 🌱新手 3 · 📈一般 1 · 🎯老手 0

=== SENT ===
[
 {
  "email": "tw-user@test.local",
  "html_len": 16985,
  "html_sha": "a5b7745a80a95e61912d0420336ef51ee40c34939d356db637103949fccb5aad",
  "subject": "📊 你的 聯發科 昨日跌了 3.5%｜財經日報 2026-07-03"
 },
 {
  "email": "us-user@test.local",
  "html_len": 15014,
  "html_sha": "d1f048bdfef4418b4f8b256db5db86ed126f3ca2795031dde2ff90c9a8eea55a",
  "subject": "🤖 AI 精選台股:台積電、鴻海｜MarketDaily 2026-07-03"
 },
 {
  "email": "nohold-user@test.local",
  "html_len": 14194,
  "html_sha": "75caa02492df837ac6c81cf3cdfa933247540c80b887e49b609ac53aa31e5365",
  "subject": "🤖 AI 精選台股:台積電、鴻海｜MarketDaily 2026-07-03"
 },
 {
  "email": "nohold2-user@test.local",
  "html_len": 14194,
  "html_sha": "75caa02492df837ac6c81cf3cdfa933247540c80b887e49b609ac53aa31e5365",
  "subject": "🤖 AI 精選台股:台積電、鴻海｜MarketDaily 2026-07-03"
 }
]
=== AUDIT ===
